{
  "version": "1.4.0",
  "plugins_used": [
    {
      "name": "ArtifactoryDetector"
    },
    {
      "name": "AWSKeyDetector"
    },
    {
      "name": "AzureStorageKeyDetector"
    },
    {
      "name": "Base64HighEntropyString",
      "limit": 4.5
    },
    {
      "name": "BasicAuthDetector"
    },
    {
      "name": "CloudantDetector"
    },
    {
      "name": "DiscordBotTokenDetector"
    },
    {
      "name": "GitHubTokenDetector"
    },
    {
      "name": "HexHighEntropyString",
      "limit": 3
    },
    {
      "name": "IbmCloudIamDetector"
    },
    {
      "name": "IbmCosHmacDetector"
    },
    {
      "name": "JwtTokenDetector"
    },
    {
      "name": "KeywordDetector",
      "keyword_exclude": ""
    },
    {
      "name": "MailchimpDetector"
    },
    {
      "name": "NpmDetector"
    },
    {
      "name": "PrivateKeyDetector"
    },
    {
      "name": "SendGridDetector"
    },
    {
      "name": "SlackDetector"
    },
    {
      "name": "SoftlayerDetector"
    },
    {
      "name": "SquareOAuthDetector"
    },
    {
      "name": "StripeDetector"
    },
    {
      "name": "TwilioKeyDetector"
    }
  ],
  "filters_used": [
    {
      "path": "detect_secrets.filters.allowlist.is_line_allowlisted"
    },
    {
      "path": "detect_secrets.filters.common.is_baseline_file",
      "filename": ".secrets.baseline"
    },
    {
      "path": "detect_secrets.filters.common.is_ignored_due_to_verification_policies",
      "min_level": 2
    },
    {
      "path": "detect_secrets.filters.heuristic.is_indirect_reference"
    },
    {
      "path": "detect_secrets.filters.heuristic.is_likely_id_string"
    },
    {
      "path": "detect_secrets.filters.heuristic.is_lock_file"
    },
    {
      "path": "detect_secrets.filters.heuristic.is_not_alphanumeric_string"
    },
    {
      "path": "detect_secrets.filters.heuristic.is_potential_uuid"
    },
    {
      "path": "detect_secrets.filters.heuristic.is_prefixed_with_dollar_sign"
    },
    {
      "path": "detect_secrets.filters.heuristic.is_sequential_string"
    },
    {
      "path": "detect_secrets.filters.heuristic.is_swagger_file"
    },
    {
      "path": "detect_secrets.filters.heuristic.is_templated_secret"
    }
  ],
  "results": {
    "llmproxy.config.yml": [
      {
        "type": "Secret Keyword",
        "filename": "llmproxy.config.yml",
        "hashed_secret": "02ecb94373bfb3dfe827ca18409f50b016e8302a",
        "is_verified": false,
        "line_number": 13,
        "is_secret": false
      },
      {
        "type": "Secret Keyword",
        "filename": "llmproxy.config.yml",
        "hashed_secret": "77e5c69c46f2107b5ec9223b011b7748665d1fee",
        "is_verified": false,
        "line_number": 26,
        "is_secret": false
      },
      {
        "type": "Secret Keyword",
        "filename": "llmproxy.config.yml",
        "hashed_secret": "824403a55b39792bcab40973349a9b54f42a1620",
        "is_verified": false,
        "line_number": 35,
        "is_secret": false
      },
      {
        "type": "Secret Keyword",
        "filename": "llmproxy.config.yml",
        "hashed_secret": "fbc8cff8359639c2cc4b0c135565e801ab38358f",
        "is_verified": false,
        "line_number": 45,
        "is_secret": false
      }
    ],
    "tests/unit_tests/proxyllm/empty_model_test.yml": [
      {
        "type": "Secret Keyword",
        "filename": "tests/unit_tests/proxyllm/empty_model_test.yml",
        "hashed_secret": "02ecb94373bfb3dfe827ca18409f50b016e8302a",
        "is_verified": false,
        "line_number": 13,
        "is_secret": false
      }
    ],
    "tests/unit_tests/proxyllm/invalid_model_test.yml": [
      {
        "type": "Secret Keyword",
        "filename": "tests/unit_tests/proxyllm/invalid_model_test.yml",
        "hashed_secret": "02ecb94373bfb3dfe827ca18409f50b016e8302a",
        "is_verified": false,
        "line_number": 9,
        "is_secret": false
      }
    ],
    "tests/unit_tests/proxyllm/test.yml": [
      {
        "type": "Secret Keyword",
        "filename": "tests/unit_tests/proxyllm/test.yml",
        "hashed_secret": "02ecb94373bfb3dfe827ca18409f50b016e8302a",
        "is_verified": false,
        "line_number": 3,
        "is_secret": false
      },
      {
        "type": "Secret Keyword",
        "filename": "tests/unit_tests/proxyllm/test.yml",
        "hashed_secret": "77e5c69c46f2107b5ec9223b011b7748665d1fee",
        "is_verified": false,
        "line_number": 16,
        "is_secret": false
      },
      {
        "type": "Secret Keyword",
        "filename": "tests/unit_tests/proxyllm/test.yml",
        "hashed_secret": "824403a55b39792bcab40973349a9b54f42a1620",
        "is_verified": false,
        "line_number": 25,
        "is_secret": false
      },
      {
        "type": "Secret Keyword",
        "filename": "tests/unit_tests/proxyllm/test.yml",
        "hashed_secret": "fbc8cff8359639c2cc4b0c135565e801ab38358f",
        "is_verified": false,
        "line_number": 35,
        "is_secret": false
      }
    ],
    "tests/unit_tests/models/test_cohere.py": [
      {
        "type": "Secret Keyword",
        "filename": "tests/unit_tests/models/test_cohere.py",
        "hashed_secret": "6e1359d23f054ed6581b7ead5161feacd34eaa0b",
        "is_verified": false,
        "line_number": 41,
        "is_secret": false
      }
    ],
    "tests/unit_tests/models/test_llama2.py": [
      {
        "type": "Secret Keyword",
        "filename": "tests/unit_tests/models/test_llama2.py",
        "hashed_secret": "a1beda1f5802abc8afa95f44aba33838d0c3cb00",
        "is_verified": false,
        "line_number": 34,
        "is_secret": false
      }
    ]
  },
  "generated_at": "2024-01-19T03:41:18Z"
}
